{"text_lines": [{"x0": 30.0, "y0": 55.0, "x1": 115.0, "y1": 51.0, "x2": 117.0, "y2": 84.0, "x3": 32.0, "y3": 88.0, "score": 0.27451327443122864}, {"x0": 117.0, "y0": 166.0, "x1": 196.0, "y1": 164.0, "x2": 197.0, "y2": 188.0, "x3": 117.0, "y3": 191.0, "score": 0.24839995801448822}, {"x0": 45.0, "y0": 170.0, "x1": 114.0, "y1": 170.0, "x2": 114.0, "y2": 194.0, "x3": 46.0, "y3": 194.0, "score": 0.22223877906799316}], "rtparams": {"start_time": "2020-04-08T21:30:25.521837", "image_size": "250x294", "working_size": "192x256"}, "timing": {"net": 0.41277050971984863, "restore": 0.00041222572326660156, "nms": 0.0009484291076660156, "overall": 0.4147930145263672}, "cpuinfo": "processor\t: 0\nvendor_id\t: GenuineIntel\ncpu family\t: 6\nmodel\t\t: 158\nmodel name\t: Intel(R) Core(TM) i9-9880H CPU @ 2.30GHz\nstepping\t: 13\ncpu MHz\t\t: 2303.998\ncache size\t: 16384 KB\nphysical id\t: 0\nsiblings\t: 1\ncore id\t\t: 0\ncpu cores\t: 1\napicid\t\t: 0\ninitial apicid\t: 0\nfpu\t\t: yes\nfpu_exception\t: yes\ncpuid level\t: 22\nwp\t\t: yes\nflags\t\t: fpu vme de pse tsc msr pae mce cx8 apic sep mtrr pge mca cmov pat pse36 clflush mmx fxsr sse sse2 ht syscall nx rdtscp lm constant_tsc rep_good nopl xtopology nonstop_tsc cpuid tsc_known_freq pni pclmulqdq monitor ssse3 cx16 pcid sse4_1 sse4_2 x2apic movbe popcnt aes xsave avx rdrand hypervisor lahf_lm abm 3dnowprefetch invpcid_single pti fsgsbase avx2 invpcid rdseed clflushopt md_clear flush_l1d arch_capabilities\nbugs\t\t: cpu_meltdown spectre_v1 spectre_v2 spec_store_bypass l1tf mds swapgs itlb_multihit\nbogomips\t: 4607.99\nclflush size\t: 64\ncache_alignment\t: 64\naddress sizes\t: 39 bits physical, 48 bits virtual\npower management:\n\n", "meminfo": "MemTotal:        4030904 kB\nMemFree:          949032 kB\nMemAvailable:    1936176 kB\nBuffers:          170016 kB\nCached:           997356 kB\nSwapCached:         2984 kB\nActive:          1759292 kB\nInactive:         956720 kB\nActive(anon):    1051728 kB\nInactive(anon):   546920 kB\nActive(file):     707564 kB\nInactive(file):   409800 kB\nUnevictable:          16 kB\nMlocked:              16 kB\nSwapTotal:       1459804 kB\nSwapFree:        1381724 kB\nDirty:               368 kB\nWriteback:             0 kB\nAnonPages:       1547068 kB\nMapped:           296436 kB\nShmem:             49988 kB\nKReclaimable:     158004 kB\nSlab:             219560 kB\nSReclaimable:     158004 kB\nSUnreclaim:        61556 kB\nKernelStack:        9152 kB\nPageTables:        45592 kB\nNFS_Unstable:          0 kB\nBounce:                0 kB\nWritebackTmp:          0 kB\nCommitLimit:     3475256 kB\nCommitted_AS:    5591540 kB\nVmallocTotal:   34359738367 kB\nVmallocUsed:       43992 kB\nVmallocChunk:          0 kB\nPercpu:              760 kB\nHardwareCorrupted:     0 kB\nAnonHugePages:         0 kB\nShmemHugePages:        0 kB\nShmemPmdMapped:        0 kB\nCmaTotal:              0 kB\nCmaFree:               0 kB\nHugePages_Total:       0\nHugePages_Free:        0\nHugePages_Rsvd:        0\nHugePages_Surp:        0\nHugepagesize:       2048 kB\nHugetlb:               0 kB\nDirectMap4k:      198592 kB\nDirectMap2M:     3995648 kB\n", "loadavg": "0.55 0.48 0.56 2/572 29638\n"}