{"text_lines": [{"x0": 1727.0, "y0": 2142.0, "x1": 1843.0, "y1": 2146.0, "x2": 1842.0, "y2": 2176.0, "x3": 1726.0, "y3": 2172.0, "score": 0.27093490958213806}, {"x0": 1844.0, "y0": 2259.0, "x1": 1956.0, "y1": 2264.0, "x2": 1955.0, "y2": 2290.0, "x3": 1843.0, "y3": 2285.0, "score": 0.3023003041744232}, {"x0": 1734.0, "y0": 2251.0, "x1": 1834.0, "y1": 2257.0, "x2": 1833.0, "y2": 2283.0, "x3": 1733.0, "y3": 2278.0, "score": 0.30383914709091187}], "rtparams": {"start_time": "2020-04-08T21:29:30.936827", "image_size": "3492x4656", "working_size": "1760x2336"}, "timing": {"net": 9.499659061431885, "restore": 0.0009632110595703125, "nms": 0.005105018615722656, "overall": 9.549862146377563}, "cpuinfo": "processor\t: 0\nvendor_id\t: GenuineIntel\ncpu family\t: 6\nmodel\t\t: 158\nmodel name\t: Intel(R) Core(TM) i9-9880H CPU @ 2.30GHz\nstepping\t: 13\ncpu MHz\t\t: 2303.998\ncache size\t: 16384 KB\nphysical id\t: 0\nsiblings\t: 1\ncore id\t\t: 0\ncpu cores\t: 1\napicid\t\t: 0\ninitial apicid\t: 0\nfpu\t\t: yes\nfpu_exception\t: yes\ncpuid level\t: 22\nwp\t\t: yes\nflags\t\t: fpu vme de pse tsc msr pae mce cx8 apic sep mtrr pge mca cmov pat pse36 clflush mmx fxsr sse sse2 ht syscall nx rdtscp lm constant_tsc rep_good nopl xtopology nonstop_tsc cpuid tsc_known_freq pni pclmulqdq monitor ssse3 cx16 pcid sse4_1 sse4_2 x2apic movbe popcnt aes xsave avx rdrand hypervisor lahf_lm abm 3dnowprefetch invpcid_single pti fsgsbase avx2 invpcid rdseed clflushopt md_clear flush_l1d arch_capabilities\nbugs\t\t: cpu_meltdown spectre_v1 spectre_v2 spec_store_bypass l1tf mds swapgs itlb_multihit\nbogomips\t: 4607.99\nclflush size\t: 64\ncache_alignment\t: 64\naddress sizes\t: 39 bits physical, 48 bits virtual\npower management:\n\n", "meminfo": "MemTotal:        4030904 kB\nMemFree:          940600 kB\nMemAvailable:    1789388 kB\nBuffers:          166984 kB\nCached:           861784 kB\nSwapCached:         2984 kB\nActive:          1700444 kB\nInactive:        1022028 kB\nActive(anon):    1195868 kB\nInactive(anon):   547840 kB\nActive(file):     504576 kB\nInactive(file):   474188 kB\nUnevictable:          16 kB\nMlocked:              16 kB\nSwapTotal:       1459804 kB\nSwapFree:        1381724 kB\nDirty:                28 kB\nWriteback:             0 kB\nAnonPages:       1692160 kB\nMapped:           300312 kB\nShmem:             49980 kB\nKReclaimable:     158496 kB\nSlab:             220672 kB\nSReclaimable:     158496 kB\nSUnreclaim:        62176 kB\nKernelStack:        9104 kB\nPageTables:        45952 kB\nNFS_Unstable:          0 kB\nBounce:                0 kB\nWritebackTmp:          0 kB\nCommitLimit:     3475256 kB\nCommitted_AS:    5659340 kB\nVmallocTotal:   34359738367 kB\nVmallocUsed:       43944 kB\nVmallocChunk:          0 kB\nPercpu:              760 kB\nHardwareCorrupted:     0 kB\nAnonHugePages:     53248 kB\nShmemHugePages:        0 kB\nShmemPmdMapped:        0 kB\nCmaTotal:              0 kB\nCmaFree:               0 kB\nHugePages_Total:       0\nHugePages_Free:        0\nHugePages_Rsvd:        0\nHugePages_Surp:        0\nHugepagesize:       2048 kB\nHugetlb:               0 kB\nDirectMap4k:      198592 kB\nDirectMap2M:     3995648 kB\n", "loadavg": "0.52 0.48 0.57 1/569 29566\n"}