{"text_lines": [{"x0": 1433.0, "y0": 1961.0, "x1": 1550.0, "y1": 1965.0, "x2": 1549.0, "y2": 1999.0, "x3": 1432.0, "y3": 1995.0, "score": 0.27762338519096375}, {"x0": 1406.0, "y0": 2060.0, "x1": 1522.0, "y1": 2067.0, "x2": 1520.0, "y2": 2091.0, "x3": 1405.0, "y3": 2084.0, "score": 0.3211181163787842}, {"x0": 1536.0, "y0": 2069.0, "x1": 1626.0, "y1": 2074.0, "x2": 1625.0, "y2": 2098.0, "x3": 1535.0, "y3": 2093.0, "score": 0.2990338206291199}], "rtparams": {"start_time": "2020-04-08T21:30:48.126085", "image_size": "3492x4656", "working_size": "1760x2336"}, "timing": {"net": 8.810810089111328, "restore": 0.0003323554992675781, "nms": 0.0008282661437988281, "overall": 8.831382751464844}, "cpuinfo": "processor\t: 0\nvendor_id\t: GenuineIntel\ncpu family\t: 6\nmodel\t\t: 158\nmodel name\t: Intel(R) Core(TM) i9-9880H CPU @ 2.30GHz\nstepping\t: 13\ncpu MHz\t\t: 2303.998\ncache size\t: 16384 KB\nphysical id\t: 0\nsiblings\t: 1\ncore id\t\t: 0\ncpu cores\t: 1\napicid\t\t: 0\ninitial apicid\t: 0\nfpu\t\t: yes\nfpu_exception\t: yes\ncpuid level\t: 22\nwp\t\t: yes\nflags\t\t: fpu vme de pse tsc msr pae mce cx8 apic sep mtrr pge mca cmov pat pse36 clflush mmx fxsr sse sse2 ht syscall nx rdtscp lm constant_tsc rep_good nopl xtopology nonstop_tsc cpuid tsc_known_freq pni pclmulqdq monitor ssse3 cx16 pcid sse4_1 sse4_2 x2apic movbe popcnt aes xsave avx rdrand hypervisor lahf_lm abm 3dnowprefetch invpcid_single pti fsgsbase avx2 invpcid rdseed clflushopt md_clear flush_l1d arch_capabilities\nbugs\t\t: cpu_meltdown spectre_v1 spectre_v2 spec_store_bypass l1tf mds swapgs itlb_multihit\nbogomips\t: 4607.99\nclflush size\t: 64\ncache_alignment\t: 64\naddress sizes\t: 39 bits physical, 48 bits virtual\npower management:\n\n", "meminfo": "MemTotal:        4030904 kB\nMemFree:          816156 kB\nMemAvailable:    1803440 kB\nBuffers:          170040 kB\nCached:           997448 kB\nSwapCached:         2984 kB\nActive:          1912504 kB\nInactive:         935716 kB\nActive(anon):    1183940 kB\nInactive(anon):   546776 kB\nActive(file):     728564 kB\nInactive(file):   388940 kB\nUnevictable:          16 kB\nMlocked:              16 kB\nSwapTotal:       1459804 kB\nSwapFree:        1381724 kB\nDirty:               116 kB\nWriteback:             0 kB\nAnonPages:       1679208 kB\nMapped:           297108 kB\nShmem:             49984 kB\nKReclaimable:     158004 kB\nSlab:             219596 kB\nSReclaimable:     158004 kB\nSUnreclaim:        61592 kB\nKernelStack:        9104 kB\nPageTables:        45908 kB\nNFS_Unstable:          0 kB\nBounce:                0 kB\nWritebackTmp:          0 kB\nCommitLimit:     3475256 kB\nCommitted_AS:    5659944 kB\nVmallocTotal:   34359738367 kB\nVmallocUsed:       43944 kB\nVmallocChunk:          0 kB\nPercpu:              760 kB\nHardwareCorrupted:     0 kB\nAnonHugePages:     61440 kB\nShmemHugePages:        0 kB\nShmemPmdMapped:        0 kB\nCmaTotal:              0 kB\nCmaFree:               0 kB\nHugePages_Total:       0\nHugePages_Free:        0\nHugePages_Rsvd:        0\nHugePages_Surp:        0\nHugepagesize:       2048 kB\nHugetlb:               0 kB\nDirectMap4k:      198592 kB\nDirectMap2M:     3995648 kB\n", "loadavg": "0.56 0.48 0.56 1/569 29661\n"}