{"text_lines": [{"x0": 34.0, "y0": 52.0, "x1": 108.0, "y1": 51.0, "x2": 108.0, "y2": 81.0, "x3": 34.0, "y3": 82.0, "score": 0.299344003200531}, {"x0": 27.0, "y0": 152.0, "x1": 100.0, "y1": 151.0, "x2": 101.0, "y2": 171.0, "x3": 27.0, "y3": 172.0, "score": 0.3470141589641571}, {"x0": 107.0, "y0": 151.0, "x1": 165.0, "y1": 149.0, "x2": 165.0, "y2": 168.0, "x3": 108.0, "y3": 171.0, "score": 0.3002487123012543}], "rtparams": {"start_time": "2020-04-08T21:31:13.245207", "image_size": "245x284", "working_size": "192x224"}, "timing": {"net": 0.32127928733825684, "restore": 0.0003955364227294922, "nms": 0.0007405281066894531, "overall": 0.3232102394104004}, "cpuinfo": "processor\t: 0\nvendor_id\t: GenuineIntel\ncpu family\t: 6\nmodel\t\t: 158\nmodel name\t: Intel(R) Core(TM) i9-9880H CPU @ 2.30GHz\nstepping\t: 13\ncpu MHz\t\t: 2303.998\ncache size\t: 16384 KB\nphysical id\t: 0\nsiblings\t: 1\ncore id\t\t: 0\ncpu cores\t: 1\napicid\t\t: 0\ninitial apicid\t: 0\nfpu\t\t: yes\nfpu_exception\t: yes\ncpuid level\t: 22\nwp\t\t: yes\nflags\t\t: fpu vme de pse tsc msr pae mce cx8 apic sep mtrr pge mca cmov pat pse36 clflush mmx fxsr sse sse2 ht syscall nx rdtscp lm constant_tsc rep_good nopl xtopology nonstop_tsc cpuid tsc_known_freq pni pclmulqdq monitor ssse3 cx16 pcid sse4_1 sse4_2 x2apic movbe popcnt aes xsave avx rdrand hypervisor lahf_lm abm 3dnowprefetch invpcid_single pti fsgsbase avx2 invpcid rdseed clflushopt md_clear flush_l1d arch_capabilities\nbugs\t\t: cpu_meltdown spectre_v1 spectre_v2 spec_store_bypass l1tf mds swapgs itlb_multihit\nbogomips\t: 4607.99\nclflush size\t: 64\ncache_alignment\t: 64\naddress sizes\t: 39 bits physical, 48 bits virtual\npower management:\n\n", "meminfo": "MemTotal:        4030904 kB\nMemFree:          933196 kB\nMemAvailable:    1939856 kB\nBuffers:          170056 kB\nCached:          1016808 kB\nSwapCached:         2984 kB\nActive:          1782788 kB\nInactive:         948812 kB\nActive(anon):    1047944 kB\nInactive(anon):   546776 kB\nActive(file):     734844 kB\nInactive(file):   402036 kB\nUnevictable:          16 kB\nMlocked:              16 kB\nSwapTotal:       1459804 kB\nSwapFree:        1381724 kB\nDirty:             19452 kB\nWriteback:             0 kB\nAnonPages:       1543188 kB\nMapped:           297104 kB\nShmem:             49984 kB\nKReclaimable:     158004 kB\nSlab:             219588 kB\nSReclaimable:     158004 kB\nSUnreclaim:        61584 kB\nKernelStack:        9104 kB\nPageTables:        45592 kB\nNFS_Unstable:          0 kB\nBounce:                0 kB\nWritebackTmp:          0 kB\nCommitLimit:     3475256 kB\nCommitted_AS:    5593828 kB\nVmallocTotal:   34359738367 kB\nVmallocUsed:       43944 kB\nVmallocChunk:          0 kB\nPercpu:              760 kB\nHardwareCorrupted:     0 kB\nAnonHugePages:         0 kB\nShmemHugePages:        0 kB\nShmemPmdMapped:        0 kB\nCmaTotal:              0 kB\nCmaFree:               0 kB\nHugePages_Total:       0\nHugePages_Free:        0\nHugePages_Rsvd:        0\nHugePages_Surp:        0\nHugepagesize:       2048 kB\nHugetlb:               0 kB\nDirectMap4k:      198592 kB\nDirectMap2M:     3995648 kB\n", "loadavg": "0.59 0.49 0.56 2/569 29684\n"}