{"text_lines": [{"x0": 294.0, "y0": 168.0, "x1": 327.0, "y1": 171.0, "x2": 326.0, "y2": 185.0, "x3": 293.0, "y3": 182.0, "score": 0.2697821259498596}], "rtparams": {"start_time": "2020-04-08T21:32:11.087695", "image_size": "544x1152", "working_size": "544x1152"}, "timing": {"net": 1.5035710334777832, "restore": 0.0003190040588378906, "nms": 0.0005245208740234375, "overall": 1.5050454139709473}, "cpuinfo": "processor\t: 0\nvendor_id\t: GenuineIntel\ncpu family\t: 6\nmodel\t\t: 158\nmodel name\t: Intel(R) Core(TM) i9-9880H CPU @ 2.30GHz\nstepping\t: 13\ncpu MHz\t\t: 2303.998\ncache size\t: 16384 KB\nphysical id\t: 0\nsiblings\t: 1\ncore id\t\t: 0\ncpu cores\t: 1\napicid\t\t: 0\ninitial apicid\t: 0\nfpu\t\t: yes\nfpu_exception\t: yes\ncpuid level\t: 22\nwp\t\t: yes\nflags\t\t: fpu vme de pse tsc msr pae mce cx8 apic sep mtrr pge mca cmov pat pse36 clflush mmx fxsr sse sse2 ht syscall nx rdtscp lm constant_tsc rep_good nopl xtopology nonstop_tsc cpuid tsc_known_freq pni pclmulqdq monitor ssse3 cx16 pcid sse4_1 sse4_2 x2apic movbe popcnt aes xsave avx rdrand hypervisor lahf_lm abm 3dnowprefetch invpcid_single pti fsgsbase avx2 invpcid rdseed clflushopt md_clear flush_l1d arch_capabilities\nbugs\t\t: cpu_meltdown spectre_v1 spectre_v2 spec_store_bypass l1tf mds swapgs itlb_multihit\nbogomips\t: 4607.99\nclflush size\t: 64\ncache_alignment\t: 64\naddress sizes\t: 39 bits physical, 48 bits virtual\npower management:\n\n", "meminfo": "MemTotal:        4030904 kB\nMemFree:          860328 kB\nMemAvailable:    1868520 kB\nBuffers:          170244 kB\nCached:          1018152 kB\nSwapCached:         2984 kB\nActive:          1855980 kB\nInactive:         947876 kB\nActive(anon):    1118668 kB\nInactive(anon):   546776 kB\nActive(file):     737312 kB\nInactive(file):   401100 kB\nUnevictable:          16 kB\nMlocked:              16 kB\nSwapTotal:       1459804 kB\nSwapFree:        1381724 kB\nDirty:               740 kB\nWriteback:             0 kB\nAnonPages:       1613892 kB\nMapped:           296888 kB\nShmem:             49984 kB\nKReclaimable:     158004 kB\nSlab:             219604 kB\nSReclaimable:     158004 kB\nSUnreclaim:        61600 kB\nKernelStack:        9104 kB\nPageTables:        45780 kB\nNFS_Unstable:          0 kB\nBounce:                0 kB\nWritebackTmp:          0 kB\nCommitLimit:     3475256 kB\nCommitted_AS:    5611388 kB\nVmallocTotal:   34359738367 kB\nVmallocUsed:       43944 kB\nVmallocChunk:          0 kB\nPercpu:              760 kB\nHardwareCorrupted:     0 kB\nAnonHugePages:      6144 kB\nShmemHugePages:        0 kB\nShmemPmdMapped:        0 kB\nCmaTotal:              0 kB\nCmaFree:               0 kB\nHugePages_Total:       0\nHugePages_Free:        0\nHugePages_Rsvd:        0\nHugePages_Surp:        0\nHugepagesize:       2048 kB\nHugetlb:               0 kB\nDirectMap4k:      198592 kB\nDirectMap2M:     3995648 kB\n", "loadavg": "0.69 0.53 0.56 2/569 29754\n"}