{"text_lines": [{"x0": 74.0, "y0": 384.0, "x1": 124.0, "y1": 384.0, "x2": 123.0, "y2": 397.0, "x3": 74.0, "y3": 396.0, "score": 0.38890498876571655}, {"x0": 76.0, "y0": 343.0, "x1": 100.0, "y1": 344.0, "x2": 100.0, "y2": 356.0, "x3": 76.0, "y3": 355.0, "score": 0.3366357684135437}, {"x0": 74.0, "y0": 372.0, "x1": 102.0, "y1": 371.0, "x2": 103.0, "y2": 383.0, "x3": 74.0, "y3": 383.0, "score": 0.15832993388175964}], "rtparams": {"start_time": "2020-04-08T21:31:36.370763", "image_size": "544x1152", "working_size": "544x1152"}, "timing": {"net": 1.4905343055725098, "restore": 0.0005435943603515625, "nms": 0.0008609294891357422, "overall": 1.4928333759307861}, "cpuinfo": "processor\t: 0\nvendor_id\t: GenuineIntel\ncpu family\t: 6\nmodel\t\t: 158\nmodel name\t: Intel(R) Core(TM) i9-9880H CPU @ 2.30GHz\nstepping\t: 13\ncpu MHz\t\t: 2303.998\ncache size\t: 16384 KB\nphysical id\t: 0\nsiblings\t: 1\ncore id\t\t: 0\ncpu cores\t: 1\napicid\t\t: 0\ninitial apicid\t: 0\nfpu\t\t: yes\nfpu_exception\t: yes\ncpuid level\t: 22\nwp\t\t: yes\nflags\t\t: fpu vme de pse tsc msr pae mce cx8 apic sep mtrr pge mca cmov pat pse36 clflush mmx fxsr sse sse2 ht syscall nx rdtscp lm constant_tsc rep_good nopl xtopology nonstop_tsc cpuid tsc_known_freq pni pclmulqdq monitor ssse3 cx16 pcid sse4_1 sse4_2 x2apic movbe popcnt aes xsave avx rdrand hypervisor lahf_lm abm 3dnowprefetch invpcid_single pti fsgsbase avx2 invpcid rdseed clflushopt md_clear flush_l1d arch_capabilities\nbugs\t\t: cpu_meltdown spectre_v1 spectre_v2 spec_store_bypass l1tf mds swapgs itlb_multihit\nbogomips\t: 4607.99\nclflush size\t: 64\ncache_alignment\t: 64\naddress sizes\t: 39 bits physical, 48 bits virtual\npower management:\n\n", "meminfo": "MemTotal:        4030904 kB\nMemFree:          915768 kB\nMemAvailable:    1922640 kB\nBuffers:          170200 kB\nCached:          1016876 kB\nSwapCached:         2984 kB\nActive:          1800800 kB\nInactive:         947856 kB\nActive(anon):    1064788 kB\nInactive(anon):   546776 kB\nActive(file):     736012 kB\nInactive(file):   401080 kB\nUnevictable:          16 kB\nMlocked:              16 kB\nSwapTotal:       1459804 kB\nSwapFree:        1381724 kB\nDirty:               148 kB\nWriteback:             0 kB\nAnonPages:       1560012 kB\nMapped:           296432 kB\nShmem:             49984 kB\nKReclaimable:     158004 kB\nSlab:             219592 kB\nSReclaimable:     158004 kB\nSUnreclaim:        61588 kB\nKernelStack:        9120 kB\nPageTables:        45624 kB\nNFS_Unstable:          0 kB\nBounce:                0 kB\nWritebackTmp:          0 kB\nCommitLimit:     3475256 kB\nCommitted_AS:    5611296 kB\nVmallocTotal:   34359738367 kB\nVmallocUsed:       43960 kB\nVmallocChunk:          0 kB\nPercpu:              760 kB\nHardwareCorrupted:     0 kB\nAnonHugePages:      6144 kB\nShmemHugePages:        0 kB\nShmemPmdMapped:        0 kB\nCmaTotal:              0 kB\nCmaFree:               0 kB\nHugePages_Total:       0\nHugePages_Free:        0\nHugePages_Rsvd:        0\nHugePages_Surp:        0\nHugepagesize:       2048 kB\nHugetlb:               0 kB\nDirectMap4k:      198592 kB\nDirectMap2M:     3995648 kB\n", "loadavg": "0.60 0.50 0.56 2/570 29708\n"}