{"text_lines": [{"x0": 34.0, "y0": 52.0, "x1": 108.0, "y1": 51.0, "x2": 108.0, "y2": 81.0, "x3": 34.0, "y3": 82.0, "score": 0.299344003200531}, {"x0": 27.0, "y0": 152.0, "x1": 100.0, "y1": 151.0, "x2": 101.0, "y2": 171.0, "x3": 27.0, "y3": 172.0, "score": 0.3470141589641571}, {"x0": 107.0, "y0": 151.0, "x1": 165.0, "y1": 149.0, "x2": 165.0, "y2": 168.0, "x3": 108.0, "y3": 171.0, "score": 0.3002487123012543}], "rtparams": {"start_time": "2020-04-08T21:33:26.056885", "image_size": "245x284", "working_size": "192x224"}, "timing": {"net": 0.32825779914855957, "restore": 0.0004296302795410156, "nms": 0.0007653236389160156, "overall": 0.3301053047180176}, "cpuinfo": "processor\t: 0\nvendor_id\t: GenuineIntel\ncpu family\t: 6\nmodel\t\t: 158\nmodel name\t: Intel(R) Core(TM) i9-9880H CPU @ 2.30GHz\nstepping\t: 13\ncpu MHz\t\t: 2303.998\ncache size\t: 16384 KB\nphysical id\t: 0\nsiblings\t: 1\ncore id\t\t: 0\ncpu cores\t: 1\napicid\t\t: 0\ninitial apicid\t: 0\nfpu\t\t: yes\nfpu_exception\t: yes\ncpuid level\t: 22\nwp\t\t: yes\nflags\t\t: fpu vme de pse tsc msr pae mce cx8 apic sep mtrr pge mca cmov pat pse36 clflush mmx fxsr sse sse2 ht syscall nx rdtscp lm constant_tsc rep_good nopl xtopology nonstop_tsc cpuid tsc_known_freq pni pclmulqdq monitor ssse3 cx16 pcid sse4_1 sse4_2 x2apic movbe popcnt aes xsave avx rdrand hypervisor lahf_lm abm 3dnowprefetch invpcid_single pti fsgsbase avx2 invpcid rdseed clflushopt md_clear flush_l1d arch_capabilities\nbugs\t\t: cpu_meltdown spectre_v1 spectre_v2 spec_store_bypass l1tf mds swapgs itlb_multihit\nbogomips\t: 4607.99\nclflush size\t: 64\ncache_alignment\t: 64\naddress sizes\t: 39 bits physical, 48 bits virtual\npower management:\n\n", "meminfo": "MemTotal:        4030904 kB\nMemFree:          978660 kB\nMemAvailable:    1922240 kB\nBuffers:          160764 kB\nCached:           982960 kB\nSwapCached:         3096 kB\nActive:          1739524 kB\nInactive:         954196 kB\nActive(anon):    1060688 kB\nInactive(anon):   539260 kB\nActive(file):     678836 kB\nInactive(file):   414936 kB\nUnevictable:          16 kB\nMlocked:              16 kB\nSwapTotal:       1459804 kB\nSwapFree:        1378908 kB\nDirty:               192 kB\nWriteback:             0 kB\nAnonPages:       1548328 kB\nMapped:           298664 kB\nShmem:             49952 kB\nKReclaimable:     150832 kB\nSlab:             212424 kB\nSReclaimable:     150832 kB\nSUnreclaim:        61592 kB\nKernelStack:        9104 kB\nPageTables:        45604 kB\nNFS_Unstable:          0 kB\nBounce:                0 kB\nWritebackTmp:          0 kB\nCommitLimit:     3475256 kB\nCommitted_AS:    5594076 kB\nVmallocTotal:   34359738367 kB\nVmallocUsed:       43944 kB\nVmallocChunk:          0 kB\nPercpu:              760 kB\nHardwareCorrupted:     0 kB\nAnonHugePages:         0 kB\nShmemHugePages:        0 kB\nShmemPmdMapped:        0 kB\nCmaTotal:              0 kB\nCmaFree:               0 kB\nHugePages_Total:       0\nHugePages_Free:        0\nHugePages_Rsvd:        0\nHugePages_Surp:        0\nHugepagesize:       2048 kB\nHugetlb:               0 kB\nDirectMap4k:      198592 kB\nDirectMap2M:     3995648 kB\n", "loadavg": "0.81 0.60 0.59 2/569 29849\n"}