{"text_lines": [{"x0": 40.0, "y0": 124.0, "x1": 165.0, "y1": 126.0, "x2": 164.0, "y2": 156.0, "x3": 40.0, "y3": 155.0, "score": 0.28968751430511475}, {"x0": 45.0, "y0": 40.0, "x1": 120.0, "y1": 41.0, "x2": 119.0, "y2": 71.0, "x3": 44.0, "y3": 70.0, "score": 0.26506298780441284}, {"x0": 45.0, "y0": 163.0, "x1": 114.0, "y1": 164.0, "x2": 114.0, "y2": 192.0, "x3": 45.0, "y3": 191.0, "score": 0.27391931414604187}], "rtparams": {"start_time": "2020-04-08T21:34:52.257986", "image_size": "263x296", "working_size": "224x256"}, "timing": {"net": 0.34696435928344727, "restore": 0.00042700767517089844, "nms": 0.0008678436279296875, "overall": 0.34896373748779297}, "cpuinfo": "processor\t: 0\nvendor_id\t: GenuineIntel\ncpu family\t: 6\nmodel\t\t: 158\nmodel name\t: Intel(R) Core(TM) i9-9880H CPU @ 2.30GHz\nstepping\t: 13\ncpu MHz\t\t: 2303.998\ncache size\t: 16384 KB\nphysical id\t: 0\nsiblings\t: 1\ncore id\t\t: 0\ncpu cores\t: 1\napicid\t\t: 0\ninitial apicid\t: 0\nfpu\t\t: yes\nfpu_exception\t: yes\ncpuid level\t: 22\nwp\t\t: yes\nflags\t\t: fpu vme de pse tsc msr pae mce cx8 apic sep mtrr pge mca cmov pat pse36 clflush mmx fxsr sse sse2 ht syscall nx rdtscp lm constant_tsc rep_good nopl xtopology nonstop_tsc cpuid tsc_known_freq pni pclmulqdq monitor ssse3 cx16 pcid sse4_1 sse4_2 x2apic movbe popcnt aes xsave avx rdrand hypervisor lahf_lm abm 3dnowprefetch invpcid_single pti fsgsbase avx2 invpcid rdseed clflushopt md_clear flush_l1d arch_capabilities\nbugs\t\t: cpu_meltdown spectre_v1 spectre_v2 spec_store_bypass l1tf mds swapgs itlb_multihit\nbogomips\t: 4607.99\nclflush size\t: 64\ncache_alignment\t: 64\naddress sizes\t: 39 bits physical, 48 bits virtual\npower management:\n\n", "meminfo": "MemTotal:        4030904 kB\nMemFree:          973368 kB\nMemAvailable:    1917596 kB\nBuffers:          160860 kB\nCached:           983512 kB\nSwapCached:         3096 kB\nActive:          1745632 kB\nInactive:         953468 kB\nActive(anon):    1065420 kB\nInactive(anon):   539260 kB\nActive(file):     680212 kB\nInactive(file):   414208 kB\nUnevictable:          16 kB\nMlocked:              16 kB\nSwapTotal:       1459804 kB\nSwapFree:        1378908 kB\nDirty:               284 kB\nWriteback:             0 kB\nAnonPages:       1553068 kB\nMapped:           296492 kB\nShmem:             49952 kB\nKReclaimable:     150832 kB\nSlab:             212428 kB\nSReclaimable:     150832 kB\nSUnreclaim:        61596 kB\nKernelStack:        9088 kB\nPageTables:        45596 kB\nNFS_Unstable:          0 kB\nBounce:                0 kB\nWritebackTmp:          0 kB\nCommitLimit:     3475256 kB\nCommitted_AS:    5594164 kB\nVmallocTotal:   34359738367 kB\nVmallocUsed:       43928 kB\nVmallocChunk:          0 kB\nPercpu:              760 kB\nHardwareCorrupted:     0 kB\nAnonHugePages:         0 kB\nShmemHugePages:        0 kB\nShmemPmdMapped:        0 kB\nCmaTotal:              0 kB\nCmaFree:               0 kB\nHugePages_Total:       0\nHugePages_Free:        0\nHugePages_Rsvd:        0\nHugePages_Surp:        0\nHugepagesize:       2048 kB\nHugetlb:               0 kB\nDirectMap4k:      198592 kB\nDirectMap2M:     3995648 kB\n", "loadavg": "0.89 0.69 0.62 2/568 29987\n"}