{"text_lines": [{"x0": 37.0, "y0": 25.0, "x1": 103.0, "y1": 25.0, "x2": 104.0, "y2": 49.0, "x3": 37.0, "y3": 49.0, "score": 0.1968412697315216}, {"x0": 84.0, "y0": 334.0, "x1": 140.0, "y1": 329.0, "x2": 142.0, "y2": 344.0, "x3": 86.0, "y3": 349.0, "score": 0.2933564782142639}, {"x0": 92.0, "y0": 96.0, "x1": 157.0, "y1": 94.0, "x2": 157.0, "y2": 109.0, "x3": 93.0, "y3": 111.0, "score": 0.19180148839950562}, {"x0": 42.0, "y0": 338.0, "x1": 83.0, "y1": 335.0, "x2": 85.0, "y2": 349.0, "x3": 44.0, "y3": 352.0, "score": 0.28414446115493774}, {"x0": 92.0, "y0": 174.0, "x1": 150.0, "y1": 171.0, "x2": 151.0, "y2": 185.0, "x3": 93.0, "y3": 187.0, "score": 0.10934630036354065}], "rtparams": {"start_time": "2020-04-08T21:34:10.145225", "image_size": "220x419", "working_size": "160x384"}, "timing": {"net": 0.35451793670654297, "restore": 0.000396728515625, "nms": 0.0008041858673095703, "overall": 0.3565490245819092}, "cpuinfo": "processor\t: 0\nvendor_id\t: GenuineIntel\ncpu family\t: 6\nmodel\t\t: 158\nmodel name\t: Intel(R) Core(TM) i9-9880H CPU @ 2.30GHz\nstepping\t: 13\ncpu MHz\t\t: 2303.998\ncache size\t: 16384 KB\nphysical id\t: 0\nsiblings\t: 1\ncore id\t\t: 0\ncpu cores\t: 1\napicid\t\t: 0\ninitial apicid\t: 0\nfpu\t\t: yes\nfpu_exception\t: yes\ncpuid level\t: 22\nwp\t\t: yes\nflags\t\t: fpu vme de pse tsc msr pae mce cx8 apic sep mtrr pge mca cmov pat pse36 clflush mmx fxsr sse sse2 ht syscall nx rdtscp lm constant_tsc rep_good nopl xtopology nonstop_tsc cpuid tsc_known_freq pni pclmulqdq monitor ssse3 cx16 pcid sse4_1 sse4_2 x2apic movbe popcnt aes xsave avx rdrand hypervisor lahf_lm abm 3dnowprefetch invpcid_single pti fsgsbase avx2 invpcid rdseed clflushopt md_clear flush_l1d arch_capabilities\nbugs\t\t: cpu_meltdown spectre_v1 spectre_v2 spec_store_bypass l1tf mds swapgs itlb_multihit\nbogomips\t: 4607.99\nclflush size\t: 64\ncache_alignment\t: 64\naddress sizes\t: 39 bits physical, 48 bits virtual\npower management:\n\n", "meminfo": "MemTotal:        4030904 kB\nMemFree:          973620 kB\nMemAvailable:    1917508 kB\nBuffers:          160812 kB\nCached:           983220 kB\nSwapCached:         3096 kB\nActive:          1744860 kB\nInactive:         954072 kB\nActive(anon):    1065592 kB\nInactive(anon):   539260 kB\nActive(file):     679268 kB\nInactive(file):   414812 kB\nUnevictable:          16 kB\nMlocked:              16 kB\nSwapTotal:       1459804 kB\nSwapFree:        1378908 kB\nDirty:               156 kB\nWriteback:             0 kB\nAnonPages:       1553220 kB\nMapped:           295328 kB\nShmem:             49952 kB\nKReclaimable:     150832 kB\nSlab:             212412 kB\nSReclaimable:     150832 kB\nSUnreclaim:        61580 kB\nKernelStack:        9104 kB\nPageTables:        45592 kB\nNFS_Unstable:          0 kB\nBounce:                0 kB\nWritebackTmp:          0 kB\nCommitLimit:     3475256 kB\nCommitted_AS:    5594140 kB\nVmallocTotal:   34359738367 kB\nVmallocUsed:       43944 kB\nVmallocChunk:          0 kB\nPercpu:              760 kB\nHardwareCorrupted:     0 kB\nAnonHugePages:         0 kB\nShmemHugePages:        0 kB\nShmemPmdMapped:        0 kB\nCmaTotal:              0 kB\nCmaFree:               0 kB\nHugePages_Total:       0\nHugePages_Free:        0\nHugePages_Rsvd:        0\nHugePages_Surp:        0\nHugepagesize:       2048 kB\nHugetlb:               0 kB\nDirectMap4k:      198592 kB\nDirectMap2M:     3995648 kB\n", "loadavg": "0.92 0.66 0.61 2/569 29918\n"}