{"text_lines": [{"x0": 47.0, "y0": 110.0, "x1": 232.0, "y1": 115.0, "x2": 231.0, "y2": 142.0, "x3": 47.0, "y3": 137.0, "score": 0.34989815950393677}, {"x0": 52.0, "y0": 28.0, "x1": 115.0, "y1": 30.0, "x2": 114.0, "y2": 55.0, "x3": 51.0, "y3": 53.0, "score": 0.33298811316490173}, {"x0": 52.0, "y0": 142.0, "x1": 147.0, "y1": 144.0, "x2": 147.0, "y2": 167.0, "x3": 51.0, "y3": 165.0, "score": 0.24401457607746124}], "rtparams": {"start_time": "2020-04-08T21:33:11.356434", "image_size": "299x257", "working_size": "256x224"}, "timing": {"net": 0.328399658203125, "restore": 0.00045990943908691406, "nms": 0.000942230224609375, "overall": 0.33052849769592285}, "cpuinfo": "processor\t: 0\nvendor_id\t: GenuineIntel\ncpu family\t: 6\nmodel\t\t: 158\nmodel name\t: Intel(R) Core(TM) i9-9880H CPU @ 2.30GHz\nstepping\t: 13\ncpu MHz\t\t: 2303.998\ncache size\t: 16384 KB\nphysical id\t: 0\nsiblings\t: 1\ncore id\t\t: 0\ncpu cores\t: 1\napicid\t\t: 0\ninitial apicid\t: 0\nfpu\t\t: yes\nfpu_exception\t: yes\ncpuid level\t: 22\nwp\t\t: yes\nflags\t\t: fpu vme de pse tsc msr pae mce cx8 apic sep mtrr pge mca cmov pat pse36 clflush mmx fxsr sse sse2 ht syscall nx rdtscp lm constant_tsc rep_good nopl xtopology nonstop_tsc cpuid tsc_known_freq pni pclmulqdq monitor ssse3 cx16 pcid sse4_1 sse4_2 x2apic movbe popcnt aes xsave avx rdrand hypervisor lahf_lm abm 3dnowprefetch invpcid_single pti fsgsbase avx2 invpcid rdseed clflushopt md_clear flush_l1d arch_capabilities\nbugs\t\t: cpu_meltdown spectre_v1 spectre_v2 spec_store_bypass l1tf mds swapgs itlb_multihit\nbogomips\t: 4607.99\nclflush size\t: 64\ncache_alignment\t: 64\naddress sizes\t: 39 bits physical, 48 bits virtual\npower management:\n\n", "meminfo": "MemTotal:        4030904 kB\nMemFree:          983700 kB\nMemAvailable:    1927176 kB\nBuffers:          160748 kB\nCached:           982872 kB\nSwapCached:         3096 kB\nActive:          1734316 kB\nInactive:         954668 kB\nActive(anon):    1056056 kB\nInactive(anon):   539260 kB\nActive(file):     678260 kB\nInactive(file):   415408 kB\nUnevictable:          16 kB\nMlocked:              16 kB\nSwapTotal:       1459804 kB\nSwapFree:        1378908 kB\nDirty:              8188 kB\nWriteback:             0 kB\nAnonPages:       1543692 kB\nMapped:           298640 kB\nShmem:             49952 kB\nKReclaimable:     150832 kB\nSlab:             212416 kB\nSReclaimable:     150832 kB\nSUnreclaim:        61584 kB\nKernelStack:        9104 kB\nPageTables:        45596 kB\nNFS_Unstable:          0 kB\nBounce:                0 kB\nWritebackTmp:          0 kB\nCommitLimit:     3475256 kB\nCommitted_AS:    5594056 kB\nVmallocTotal:   34359738367 kB\nVmallocUsed:       43944 kB\nVmallocChunk:          0 kB\nPercpu:              760 kB\nHardwareCorrupted:     0 kB\nAnonHugePages:         0 kB\nShmemHugePages:        0 kB\nShmemPmdMapped:        0 kB\nCmaTotal:              0 kB\nCmaFree:               0 kB\nHugePages_Total:       0\nHugePages_Free:        0\nHugePages_Rsvd:        0\nHugePages_Surp:        0\nHugepagesize:       2048 kB\nHugetlb:               0 kB\nDirectMap4k:      198592 kB\nDirectMap2M:     3995648 kB\n", "loadavg": "0.85 0.60 0.59 2/569 29826\n"}