{"text_lines": [{"x0": 38.0, "y0": 126.0, "x1": 249.0, "y1": 129.0, "x2": 249.0, "y2": 154.0, "x3": 37.0, "y3": 151.0, "score": 0.29130229353904724}, {"x0": 41.0, "y0": 40.0, "x1": 104.0, "y1": 44.0, "x2": 102.0, "y2": 68.0, "x3": 39.0, "y3": 65.0, "score": 0.30175188183784485}, {"x0": 46.0, "y0": 158.0, "x1": 127.0, "y1": 158.0, "x2": 127.0, "y2": 179.0, "x3": 46.0, "y3": 179.0, "score": 0.2652094066143036}, {"x0": 128.0, "y0": 331.0, "x1": 216.0, "y1": 331.0, "x2": 216.0, "y2": 348.0, "x3": 128.0, "y3": 347.0, "score": 0.37992292642593384}, {"x0": 50.0, "y0": 331.0, "x1": 116.0, "y1": 332.0, "x2": 115.0, "y2": 351.0, "x3": 49.0, "y3": 351.0, "score": 0.2994179129600525}, {"x0": 91.0, "y0": 368.0, "x1": 162.0, "y1": 368.0, "x2": 162.0, "y2": 386.0, "x3": 91.0, "y3": 386.0, "score": 0.34421902894973755}, {"x0": 64.0, "y0": 312.0, "x1": 127.0, "y1": 313.0, "x2": 127.0, "y2": 331.0, "x3": 64.0, "y3": 330.0, "score": 0.25783759355545044}, {"x0": 174.0, "y0": 365.0, "x1": 223.0, "y1": 365.0, "x2": 223.0, "y2": 382.0, "x3": 174.0, "y3": 382.0, "score": 0.27295607328414917}, {"x0": 43.0, "y0": 369.0, "x1": 83.0, "y1": 370.0, "x2": 83.0, "y2": 386.0, "x3": 43.0, "y3": 386.0, "score": 0.28752264380455017}, {"x0": 40.0, "y0": 70.0, "x1": 82.0, "y1": 72.0, "x2": 82.0, "y2": 86.0, "x3": 40.0, "y3": 85.0, "score": 0.12972836196422577}, {"x0": 160.0, "y0": 312.0, "x1": 206.0, "y1": 312.0, "x2": 206.0, "y2": 327.0, "x3": 160.0, "y3": 328.0, "score": 0.2181594967842102}, {"x0": 133.0, "y0": 313.0, "x1": 162.0, "y1": 313.0, "x2": 162.0, "y2": 329.0, "x3": 133.0, "y3": 328.0, "score": 0.13824604451656342}], "rtparams": {"start_time": "2020-04-08T21:34:39.052980", "image_size": "268x523", "working_size": "224x480"}, "timing": {"net": 0.4557201862335205, "restore": 0.0005466938018798828, "nms": 0.0017936229705810547, "overall": 0.4591789245605469}, "cpuinfo": "processor\t: 0\nvendor_id\t: GenuineIntel\ncpu family\t: 6\nmodel\t\t: 158\nmodel name\t: Intel(R) Core(TM) i9-9880H CPU @ 2.30GHz\nstepping\t: 13\ncpu MHz\t\t: 2303.998\ncache size\t: 16384 KB\nphysical id\t: 0\nsiblings\t: 1\ncore id\t\t: 0\ncpu cores\t: 1\napicid\t\t: 0\ninitial apicid\t: 0\nfpu\t\t: yes\nfpu_exception\t: yes\ncpuid level\t: 22\nwp\t\t: yes\nflags\t\t: fpu vme de pse tsc msr pae mce cx8 apic sep mtrr pge mca cmov pat pse36 clflush mmx fxsr sse sse2 ht syscall nx rdtscp lm constant_tsc rep_good nopl xtopology nonstop_tsc cpuid tsc_known_freq pni pclmulqdq monitor ssse3 cx16 pcid sse4_1 sse4_2 x2apic movbe popcnt aes xsave avx rdrand hypervisor lahf_lm abm 3dnowprefetch invpcid_single pti fsgsbase avx2 invpcid rdseed clflushopt md_clear flush_l1d arch_capabilities\nbugs\t\t: cpu_meltdown spectre_v1 spectre_v2 spec_store_bypass l1tf mds swapgs itlb_multihit\nbogomips\t: 4607.99\nclflush size\t: 64\ncache_alignment\t: 64\naddress sizes\t: 39 bits physical, 48 bits virtual\npower management:\n\n", "meminfo": "MemTotal:        4030904 kB\nMemFree:          983196 kB\nMemAvailable:    1927272 kB\nBuffers:          160844 kB\nCached:           983376 kB\nSwapCached:         3096 kB\nActive:          1734956 kB\nInactive:         953356 kB\nActive(anon):    1054784 kB\nInactive(anon):   539260 kB\nActive(file):     680172 kB\nInactive(file):   414096 kB\nUnevictable:          16 kB\nMlocked:              16 kB\nSwapTotal:       1459804 kB\nSwapFree:        1378908 kB\nDirty:               224 kB\nWriteback:             0 kB\nAnonPages:       1542388 kB\nMapped:           299748 kB\nShmem:             49952 kB\nKReclaimable:     150832 kB\nSlab:             212416 kB\nSReclaimable:     150832 kB\nSUnreclaim:        61584 kB\nKernelStack:        9088 kB\nPageTables:        45684 kB\nNFS_Unstable:          0 kB\nBounce:                0 kB\nWritebackTmp:          0 kB\nCommitLimit:     3475256 kB\nCommitted_AS:    5610088 kB\nVmallocTotal:   34359738367 kB\nVmallocUsed:       43928 kB\nVmallocChunk:          0 kB\nPercpu:              760 kB\nHardwareCorrupted:     0 kB\nAnonHugePages:         0 kB\nShmemHugePages:        0 kB\nShmemPmdMapped:        0 kB\nCmaTotal:              0 kB\nCmaFree:               0 kB\nHugePages_Total:       0\nHugePages_Free:        0\nHugePages_Rsvd:        0\nHugePages_Surp:        0\nHugepagesize:       2048 kB\nHugetlb:               0 kB\nDirectMap4k:      198592 kB\nDirectMap2M:     3995648 kB\n", "loadavg": "0.95 0.69 0.62 2/568 29964\n"}