{"text_lines": [{"x0": 270.0, "y0": 127.0, "x1": 334.0, "y1": 85.0, "x2": 346.0, "y2": 105.0, "x3": 283.0, "y3": 148.0, "score": 0.25595197081565857}, {"x0": 252.0, "y0": 238.0, "x1": 292.0, "y1": 221.0, "x2": 298.0, "y2": 236.0, "x3": 258.0, "y3": 253.0, "score": 0.3001810610294342}, {"x0": 281.0, "y0": 204.0, "x1": 334.0, "y1": 176.0, "x2": 341.0, "y2": 189.0, "x3": 288.0, "y3": 217.0, "score": 0.2872408330440521}, {"x0": 242.0, "y0": 226.0, "x1": 277.0, "y1": 206.0, "x2": 284.0, "y2": 220.0, "x3": 249.0, "y3": 240.0, "score": 0.15277989208698273}, {"x0": 239.0, "y0": 168.0, "x1": 277.0, "y1": 140.0, "x2": 285.0, "y2": 154.0, "x3": 248.0, "y3": 181.0, "score": 0.35674160718917847}, {"x0": 268.0, "y0": 187.0, "x1": 316.0, "y1": 160.0, "x2": 323.0, "y2": 173.0, "x3": 275.0, "y3": 201.0, "score": 0.298611581325531}, {"x0": 241.0, "y0": 141.0, "x1": 270.0, "y1": 119.0, "x2": 279.0, "y2": 133.0, "x3": 250.0, "y3": 154.0, "score": 0.10723574459552765}], "rtparams": {"start_time": "2020-03-06T12:14:44.496449", "image_size": "500x300", "working_size": "448x256"}, "timing": {"net": 0.43752002716064453, "restore": 0.0003161430358886719, "nms": 0.0009088516235351562, "overall": 0.43974757194519043}, "cpuinfo": "processor\t: 0\nvendor_id\t: GenuineIntel\ncpu family\t: 6\nmodel\t\t: 158\nmodel name\t: Intel(R) Core(TM) i9-9880H CPU @ 2.30GHz\nstepping\t: 13\ncpu MHz\t\t: 2303.998\ncache size\t: 16384 KB\nphysical id\t: 0\nsiblings\t: 1\ncore id\t\t: 0\ncpu cores\t: 1\napicid\t\t: 0\ninitial apicid\t: 0\nfpu\t\t: yes\nfpu_exception\t: yes\ncpuid level\t: 22\nwp\t\t: yes\nflags\t\t: fpu vme de pse tsc msr pae mce cx8 apic sep mtrr pge mca cmov pat pse36 clflush mmx fxsr sse sse2 ht syscall nx rdtscp lm constant_tsc rep_good nopl xtopology nonstop_tsc cpuid tsc_known_freq pni pclmulqdq monitor ssse3 cx16 pcid sse4_1 sse4_2 x2apic movbe popcnt aes xsave avx rdrand hypervisor lahf_lm abm 3dnowprefetch invpcid_single pti fsgsbase avx2 invpcid rdseed clflushopt md_clear flush_l1d arch_capabilities\nbugs\t\t: cpu_meltdown spectre_v1 spectre_v2 spec_store_bypass l1tf mds swapgs itlb_multihit\nbogomips\t: 4607.99\nclflush size\t: 64\ncache_alignment\t: 64\naddress sizes\t: 39 bits physical, 48 bits virtual\npower management:\n\n", "meminfo": "MemTotal:        4030904 kB\nMemFree:          866596 kB\nMemAvailable:    2077332 kB\nBuffers:           62256 kB\nCached:          1365052 kB\nSwapCached:         1912 kB\nActive:          1884396 kB\nInactive:        1009892 kB\nActive(anon):    1033140 kB\nInactive(anon):   486524 kB\nActive(file):     851256 kB\nInactive(file):   523368 kB\nUnevictable:          16 kB\nMlocked:              16 kB\nSwapTotal:       1459804 kB\nSwapFree:        1438544 kB\nDirty:              4300 kB\nWriteback:             0 kB\nAnonPages:       1465624 kB\nMapped:           386668 kB\nShmem:             52680 kB\nKReclaimable:      78380 kB\nSlab:             137472 kB\nSReclaimable:      78380 kB\nSUnreclaim:        59092 kB\nKernelStack:        9088 kB\nPageTables:        45804 kB\nNFS_Unstable:          0 kB\nBounce:                0 kB\nWritebackTmp:          0 kB\nCommitLimit:     3475256 kB\nCommitted_AS:    5577676 kB\nVmallocTotal:   34359738367 kB\nVmallocUsed:       34636 kB\nVmallocChunk:          0 kB\nPercpu:              760 kB\nHardwareCorrupted:     0 kB\nAnonHugePages:         0 kB\nShmemHugePages:        0 kB\nShmemPmdMapped:        0 kB\nCmaTotal:              0 kB\nCmaFree:               0 kB\nHugePages_Total:       0\nHugePages_Free:        0\nHugePages_Rsvd:        0\nHugePages_Surp:        0\nHugepagesize:       2048 kB\nHugetlb:               0 kB\nDirectMap4k:      171968 kB\nDirectMap2M:     4022272 kB\n", "loadavg": "0.17 0.16 0.24 2/568 5617\n"}