{"text_lines": [{"x0": 1801.0, "y0": 1674.0, "x1": 1997.0, "y1": 1672.0, "x2": 1998.0, "y2": 1703.0, "x3": 1802.0, "y3": 1706.0, "score": 0.32831090688705444}, {"x0": 1456.0, "y0": 647.0, "x1": 1594.0, "y1": 658.0, "x2": 1591.0, "y2": 690.0, "x3": 1454.0, "y3": 679.0, "score": 0.25126779079437256}, {"x0": 1476.0, "y0": 535.0, "x1": 1574.0, "y1": 542.0, "x2": 1571.0, "y2": 581.0, "x3": 1474.0, "y3": 574.0, "score": 0.2710869014263153}, {"x0": 2878.0, "y0": 1375.0, "x1": 3017.0, "y1": 1376.0, "x2": 3017.0, "y2": 1407.0, "x3": 2878.0, "y3": 1406.0, "score": 0.28553372621536255}, {"x0": 1470.0, "y0": 614.0, "x1": 1579.0, "y1": 622.0, "x2": 1576.0, "y2": 654.0, "x3": 1468.0, "y3": 646.0, "score": 0.281160831451416}, {"x0": 1805.0, "y0": 1515.0, "x1": 1875.0, "y1": 1514.0, "x2": 1876.0, "y2": 1545.0, "x3": 1805.0, "y3": 1545.0, "score": 0.2654297351837158}, {"x0": 1468.0, "y0": 579.0, "x1": 1554.0, "y1": 581.0, "x2": 1553.0, "y2": 610.0, "x3": 1467.0, "y3": 608.0, "score": 0.12862685322761536}, {"x0": 2736.0, "y0": 915.0, "x1": 2811.0, "y1": 915.0, "x2": 2812.0, "y2": 944.0, "x3": 2736.0, "y3": 945.0, "score": 0.2668469250202179}, {"x0": 2878.0, "y0": 912.0, "x1": 2946.0, "y1": 913.0, "x2": 2945.0, "y2": 946.0, "x3": 2878.0, "y3": 945.0, "score": 0.21202313899993896}, {"x0": 2818.0, "y0": 914.0, "x1": 2877.0, "y1": 914.0, "x2": 2877.0, "y2": 946.0, "x3": 2817.0, "y3": 946.0, "score": 0.20260094106197357}, {"x0": 2782.0, "y0": 2286.0, "x1": 2830.0, "y1": 2285.0, "x2": 2830.0, "y2": 2308.0, "x3": 2782.0, "y3": 2308.0, "score": 0.20794689655303955}], "rtparams": {"start_time": "2020-03-13T15:39:17.991117", "image_size": "3024x4032", "working_size": "1760x2400"}, "timing": {"net": 14.540686845779419, "restore": 0.0009851455688476562, "nms": 0.002588510513305664, "overall": 14.584267616271973}, "cpuinfo": "processor\t: 0\nvendor_id\t: GenuineIntel\ncpu family\t: 6\nmodel\t\t: 158\nmodel name\t: Intel(R) Core(TM) i9-9880H CPU @ 2.30GHz\nstepping\t: 13\ncpu MHz\t\t: 2303.998\ncache size\t: 16384 KB\nphysical id\t: 0\nsiblings\t: 1\ncore id\t\t: 0\ncpu cores\t: 1\napicid\t\t: 0\ninitial apicid\t: 0\nfpu\t\t: yes\nfpu_exception\t: yes\ncpuid level\t: 22\nwp\t\t: yes\nflags\t\t: fpu vme de pse tsc msr pae mce cx8 apic sep mtrr pge mca cmov pat pse36 clflush mmx fxsr sse sse2 ht syscall nx rdtscp lm constant_tsc rep_good nopl xtopology nonstop_tsc cpuid tsc_known_freq pni pclmulqdq monitor ssse3 cx16 pcid sse4_1 sse4_2 x2apic movbe popcnt aes xsave avx rdrand hypervisor lahf_lm abm 3dnowprefetch invpcid_single pti fsgsbase avx2 invpcid rdseed clflushopt md_clear flush_l1d arch_capabilities\nbugs\t\t: cpu_meltdown spectre_v1 spectre_v2 spec_store_bypass l1tf mds swapgs itlb_multihit\nbogomips\t: 4607.99\nclflush size\t: 64\ncache_alignment\t: 64\naddress sizes\t: 39 bits physical, 48 bits virtual\npower management:\n\n", "meminfo": "MemTotal:        4030904 kB\nMemFree:          793636 kB\nMemAvailable:    1909032 kB\nBuffers:           72164 kB\nCached:          1255600 kB\nSwapCached:         1484 kB\nActive:          1803436 kB\nInactive:        1152196 kB\nActive(anon):    1125108 kB\nInactive(anon):   555748 kB\nActive(file):     678328 kB\nInactive(file):   596448 kB\nUnevictable:          16 kB\nMlocked:              16 kB\nSwapTotal:       1459804 kB\nSwapFree:        1419956 kB\nDirty:                64 kB\nWriteback:             0 kB\nAnonPages:       1627496 kB\nMapped:           424400 kB\nShmem:             52988 kB\nKReclaimable:      87396 kB\nSlab:             147040 kB\nSReclaimable:      87396 kB\nSUnreclaim:        59644 kB\nKernelStack:        9152 kB\nPageTables:        46264 kB\nNFS_Unstable:          0 kB\nBounce:                0 kB\nWritebackTmp:          0 kB\nCommitLimit:     3475256 kB\nCommitted_AS:    5734596 kB\nVmallocTotal:   34359738367 kB\nVmallocUsed:       34700 kB\nVmallocChunk:          0 kB\nPercpu:              760 kB\nHardwareCorrupted:     0 kB\nAnonHugePages:     55296 kB\nShmemHugePages:        0 kB\nShmemPmdMapped:        0 kB\nCmaTotal:              0 kB\nCmaFree:               0 kB\nHugePages_Total:       0\nHugePages_Free:        0\nHugePages_Rsvd:        0\nHugePages_Surp:        0\nHugepagesize:       2048 kB\nHugetlb:               0 kB\nDirectMap4k:      188352 kB\nDirectMap2M:     4005888 kB\n", "loadavg": "1.68 0.76 0.43 2/572 8416\n"}