{"text_lines": [{"x0": 612.0, "y0": 1210.0, "x1": 940.0, "y1": 1208.0, "x2": 941.0, "y2": 1277.0, "x3": 612.0, "y3": 1279.0, "score": 0.3666093647480011}, {"x0": 608.0, "y0": 897.0, "x1": 789.0, "y1": 899.0, "x2": 788.0, "y2": 975.0, "x3": 607.0, "y3": 973.0, "score": 0.3076401650905609}, {"x0": 611.0, "y0": 1115.0, "x1": 810.0, "y1": 1114.0, "x2": 810.0, "y2": 1182.0, "x3": 611.0, "y3": 1183.0, "score": 0.35324662923812866}], "rtparams": {"start_time": "2020-03-05T18:31:31.874140", "image_size": "4032x3024", "working_size": "2400x1760"}, "timing": {"net": 9.130353450775146, "restore": 0.0005824565887451172, "nms": 0.0016107559204101562, "overall": 9.151565074920654}, "cpuinfo": "processor\t: 0\nvendor_id\t: GenuineIntel\ncpu family\t: 6\nmodel\t\t: 158\nmodel name\t: Intel(R) Core(TM) i9-9880H CPU @ 2.30GHz\nstepping\t: 13\ncpu MHz\t\t: 2303.998\ncache size\t: 16384 KB\nphysical id\t: 0\nsiblings\t: 1\ncore id\t\t: 0\ncpu cores\t: 1\napicid\t\t: 0\ninitial apicid\t: 0\nfpu\t\t: yes\nfpu_exception\t: yes\ncpuid level\t: 22\nwp\t\t: yes\nflags\t\t: fpu vme de pse tsc msr pae mce cx8 apic sep mtrr pge mca cmov pat pse36 clflush mmx fxsr sse sse2 ht syscall nx rdtscp lm constant_tsc rep_good nopl xtopology nonstop_tsc cpuid tsc_known_freq pni pclmulqdq monitor ssse3 cx16 pcid sse4_1 sse4_2 x2apic movbe popcnt aes xsave avx rdrand hypervisor lahf_lm abm 3dnowprefetch invpcid_single pti fsgsbase avx2 invpcid rdseed clflushopt md_clear flush_l1d arch_capabilities\nbugs\t\t: cpu_meltdown spectre_v1 spectre_v2 spec_store_bypass l1tf mds swapgs itlb_multihit\nbogomips\t: 4607.99\nclflush size\t: 64\ncache_alignment\t: 64\naddress sizes\t: 39 bits physical, 48 bits virtual\npower management:\n\n", "meminfo": "MemTotal:        4030904 kB\nMemFree:         1059784 kB\nMemAvailable:    2082996 kB\nBuffers:           64144 kB\nCached:          1184444 kB\nSwapCached:         1668 kB\nActive:          1883416 kB\nInactive:         829392 kB\nActive(anon):    1077600 kB\nInactive(anon):   440408 kB\nActive(file):     805816 kB\nInactive(file):   388984 kB\nUnevictable:          16 kB\nMlocked:              16 kB\nSwapTotal:       1459804 kB\nSwapFree:        1447760 kB\nDirty:                60 kB\nWriteback:             0 kB\nAnonPages:       1462856 kB\nMapped:           426392 kB\nShmem:             53788 kB\nKReclaimable:      67076 kB\nSlab:             125628 kB\nSReclaimable:      67076 kB\nSUnreclaim:        58552 kB\nKernelStack:        9088 kB\nPageTables:        45460 kB\nNFS_Unstable:          0 kB\nBounce:                0 kB\nWritebackTmp:          0 kB\nCommitLimit:     3475256 kB\nCommitted_AS:    5516744 kB\nVmallocTotal:   34359738367 kB\nVmallocUsed:       34636 kB\nVmallocChunk:          0 kB\nPercpu:              760 kB\nHardwareCorrupted:     0 kB\nAnonHugePages:     55296 kB\nShmemHugePages:        0 kB\nShmemPmdMapped:        0 kB\nCmaTotal:              0 kB\nCmaFree:               0 kB\nHugePages_Total:       0\nHugePages_Free:        0\nHugePages_Rsvd:        0\nHugePages_Surp:        0\nHugepagesize:       2048 kB\nHugetlb:               0 kB\nDirectMap4k:      171968 kB\nDirectMap2M:     4022272 kB\n", "loadavg": "0.47 0.39 0.35 1/568 4972\n"}