{"text_lines": [{"x0": 2803.0, "y0": 805.0, "x1": 2894.0, "y1": 803.0, "x2": 2896.0, "y2": 846.0, "x3": 2805.0, "y3": 848.0, "score": 0.2724291682243347}, {"x0": 2800.0, "y0": 966.0, "x1": 2891.0, "y1": 965.0, "x2": 2892.0, "y2": 1007.0, "x3": 2801.0, "y3": 1008.0, "score": 0.19677764177322388}, {"x0": 2381.0, "y0": 579.0, "x1": 2456.0, "y1": 571.0, "x2": 2459.0, "y2": 596.0, "x3": 2384.0, "y3": 604.0, "score": 0.31056442856788635}, {"x0": 2480.0, "y0": 566.0, "x1": 2566.0, "y1": 558.0, "x2": 2568.0, "y2": 585.0, "x3": 2483.0, "y3": 593.0, "score": 0.2581276297569275}, {"x0": 2407.0, "y0": 539.0, "x1": 2468.0, "y1": 531.0, "x2": 2471.0, "y2": 559.0, "x3": 2410.0, "y3": 566.0, "score": 0.25862476229667664}, {"x0": 2520.0, "y0": 523.0, "x1": 2570.0, "y1": 518.0, "x2": 2572.0, "y2": 545.0, "x3": 2523.0, "y3": 550.0, "score": 0.22082915902137756}, {"x0": 2466.0, "y0": 532.0, "x1": 2508.0, "y1": 527.0, "x2": 2511.0, "y2": 551.0, "x3": 2469.0, "y3": 557.0, "score": 0.1993243545293808}], "rtparams": {"start_time": "2020-03-05T14:44:57.612226", "image_size": "4032x3024", "working_size": "2400x1760"}, "timing": {"net": 8.884207725524902, "restore": 0.0004661083221435547, "nms": 0.0009007453918457031, "overall": 8.906920671463013}, "cpuinfo": "processor\t: 0\nvendor_id\t: GenuineIntel\ncpu family\t: 6\nmodel\t\t: 158\nmodel name\t: Intel(R) Core(TM) i9-9880H CPU @ 2.30GHz\nstepping\t: 13\ncpu MHz\t\t: 2303.998\ncache size\t: 16384 KB\nphysical id\t: 0\nsiblings\t: 1\ncore id\t\t: 0\ncpu cores\t: 1\napicid\t\t: 0\ninitial apicid\t: 0\nfpu\t\t: yes\nfpu_exception\t: yes\ncpuid level\t: 22\nwp\t\t: yes\nflags\t\t: fpu vme de pse tsc msr pae mce cx8 apic sep mtrr pge mca cmov pat pse36 clflush mmx fxsr sse sse2 ht syscall nx rdtscp lm constant_tsc rep_good nopl xtopology nonstop_tsc cpuid tsc_known_freq pni pclmulqdq monitor ssse3 cx16 pcid sse4_1 sse4_2 x2apic movbe popcnt aes xsave avx rdrand hypervisor lahf_lm abm 3dnowprefetch invpcid_single pti fsgsbase avx2 invpcid rdseed clflushopt md_clear flush_l1d arch_capabilities\nbugs\t\t: cpu_meltdown spectre_v1 spectre_v2 spec_store_bypass l1tf mds swapgs itlb_multihit\nbogomips\t: 4607.99\nclflush size\t: 64\ncache_alignment\t: 64\naddress sizes\t: 39 bits physical, 48 bits virtual\npower management:\n\n", "meminfo": "MemTotal:        4030904 kB\nMemFree:          858000 kB\nMemAvailable:    2051388 kB\nBuffers:           81796 kB\nCached:          1328676 kB\nSwapCached:          544 kB\nActive:          2067728 kB\nInactive:         838376 kB\nActive(anon):    1145508 kB\nInactive(anon):   401776 kB\nActive(file):     922220 kB\nInactive(file):   436600 kB\nUnevictable:          16 kB\nMlocked:              16 kB\nSwapTotal:       1459804 kB\nSwapFree:        1455952 kB\nDirty:               100 kB\nWriteback:             0 kB\nAnonPages:       1495396 kB\nMapped:           424704 kB\nShmem:             51656 kB\nKReclaimable:      75296 kB\nSlab:             133856 kB\nSReclaimable:      75296 kB\nSUnreclaim:        58560 kB\nKernelStack:        9072 kB\nPageTables:        45492 kB\nNFS_Unstable:          0 kB\nBounce:                0 kB\nWritebackTmp:          0 kB\nCommitLimit:     3475256 kB\nCommitted_AS:    5537512 kB\nVmallocTotal:   34359738367 kB\nVmallocUsed:       34604 kB\nVmallocChunk:          0 kB\nPercpu:              760 kB\nHardwareCorrupted:     0 kB\nAnonHugePages:     51200 kB\nShmemHugePages:        0 kB\nShmemPmdMapped:        0 kB\nCmaTotal:              0 kB\nCmaFree:               0 kB\nHugePages_Total:       0\nHugePages_Free:        0\nHugePages_Rsvd:        0\nHugePages_Surp:        0\nHugepagesize:       2048 kB\nHugetlb:               0 kB\nDirectMap4k:      169920 kB\nDirectMap2M:     4024320 kB\n", "loadavg": "0.72 0.44 0.35 1/567 4747\n"}