{"text_lines": [{"x0": 93.0, "y0": 158.0, "x1": 307.0, "y1": 160.0, "x2": 307.0, "y2": 195.0, "x3": 93.0, "y3": 192.0, "score": 0.3847159147262573}, {"x0": 155.0, "y0": 105.0, "x1": 256.0, "y1": 105.0, "x2": 256.0, "y2": 136.0, "x3": 155.0, "y3": 136.0, "score": 0.3027692437171936}, {"x0": 279.0, "y0": 33.0, "x1": 344.0, "y1": 33.0, "x2": 344.0, "y2": 70.0, "x3": 279.0, "y3": 71.0, "score": 0.26587483286857605}, {"x0": 187.0, "y0": 34.0, "x1": 255.0, "y1": 34.0, "x2": 255.0, "y2": 60.0, "x3": 186.0, "y3": 60.0, "score": 0.25105172395706177}], "rtparams": {"start_time": "2020-03-05T01:42:41.759446", "image_size": "414x233", "working_size": "352x192"}, "timing": {"net": 0.35311174392700195, "restore": 0.0004887580871582031, "nms": 0.0013153553009033203, "overall": 0.35554027557373047}, "cpuinfo": "processor\t: 0\nvendor_id\t: GenuineIntel\ncpu family\t: 6\nmodel\t\t: 158\nmodel name\t: Intel(R) Core(TM) i9-9880H CPU @ 2.30GHz\nstepping\t: 13\ncpu MHz\t\t: 2303.998\ncache size\t: 16384 KB\nphysical id\t: 0\nsiblings\t: 1\ncore id\t\t: 0\ncpu cores\t: 1\napicid\t\t: 0\ninitial apicid\t: 0\nfpu\t\t: yes\nfpu_exception\t: yes\ncpuid level\t: 22\nwp\t\t: yes\nflags\t\t: fpu vme de pse tsc msr pae mce cx8 apic sep mtrr pge mca cmov pat pse36 clflush mmx fxsr sse sse2 ht syscall nx rdtscp lm constant_tsc rep_good nopl xtopology nonstop_tsc cpuid tsc_known_freq pni pclmulqdq monitor ssse3 cx16 pcid sse4_1 sse4_2 x2apic movbe popcnt aes xsave avx rdrand hypervisor lahf_lm abm 3dnowprefetch invpcid_single pti fsgsbase avx2 invpcid rdseed clflushopt md_clear flush_l1d arch_capabilities\nbugs\t\t: cpu_meltdown spectre_v1 spectre_v2 spec_store_bypass l1tf mds swapgs itlb_multihit\nbogomips\t: 4607.99\nclflush size\t: 64\ncache_alignment\t: 64\naddress sizes\t: 39 bits physical, 48 bits virtual\npower management:\n\n", "meminfo": "MemTotal:        4030904 kB\nMemFree:          348552 kB\nMemAvailable:    1836812 kB\nBuffers:           89932 kB\nCached:          1672596 kB\nSwapCached:            0 kB\nActive:          2408620 kB\nInactive:         991656 kB\nActive(anon):    1639252 kB\nInactive(anon):   110948 kB\nActive(file):     769368 kB\nInactive(file):   880708 kB\nUnevictable:          16 kB\nMlocked:              16 kB\nSwapTotal:       1459804 kB\nSwapFree:        1459804 kB\nDirty:                44 kB\nWriteback:             0 kB\nAnonPages:       1637784 kB\nMapped:           607700 kB\nShmem:            112456 kB\nKReclaimable:      82524 kB\nSlab:             142872 kB\nSReclaimable:      82524 kB\nSUnreclaim:        60348 kB\nKernelStack:       10704 kB\nPageTables:        49928 kB\nNFS_Unstable:          0 kB\nBounce:                0 kB\nWritebackTmp:          0 kB\nCommitLimit:     3475256 kB\nCommitted_AS:    6097368 kB\nVmallocTotal:   34359738367 kB\nVmallocUsed:       36288 kB\nVmallocChunk:          0 kB\nPercpu:              760 kB\nHardwareCorrupted:     0 kB\nAnonHugePages:         0 kB\nShmemHugePages:        0 kB\nShmemPmdMapped:        0 kB\nCmaTotal:              0 kB\nCmaFree:               0 kB\nHugePages_Total:       0\nHugePages_Free:        0\nHugePages_Rsvd:        0\nHugePages_Surp:        0\nHugepagesize:       2048 kB\nHugetlb:               0 kB\nDirectMap4k:      161728 kB\nDirectMap2M:     4032512 kB\n", "loadavg": "0.71 0.39 0.30 2/669 3129\n"}