{"text_lines": [{"x0": 636.0, "y0": 223.0, "x1": 838.0, "y1": 220.0, "x2": 840.0, "y2": 313.0, "x3": 637.0, "y3": 316.0, "score": 0.28365930914878845}], "rtparams": {"start_time": "2020-03-05T01:45:12.674730", "image_size": "1024x683", "working_size": "1024x640"}, "timing": {"net": 1.4843406677246094, "restore": 0.0004940032958984375, "nms": 0.0012993812561035156, "overall": 1.488590955734253}, "cpuinfo": "processor\t: 0\nvendor_id\t: GenuineIntel\ncpu family\t: 6\nmodel\t\t: 158\nmodel name\t: Intel(R) Core(TM) i9-9880H CPU @ 2.30GHz\nstepping\t: 13\ncpu MHz\t\t: 2303.998\ncache size\t: 16384 KB\nphysical id\t: 0\nsiblings\t: 1\ncore id\t\t: 0\ncpu cores\t: 1\napicid\t\t: 0\ninitial apicid\t: 0\nfpu\t\t: yes\nfpu_exception\t: yes\ncpuid level\t: 22\nwp\t\t: yes\nflags\t\t: fpu vme de pse tsc msr pae mce cx8 apic sep mtrr pge mca cmov pat pse36 clflush mmx fxsr sse sse2 ht syscall nx rdtscp lm constant_tsc rep_good nopl xtopology nonstop_tsc cpuid tsc_known_freq pni pclmulqdq monitor ssse3 cx16 pcid sse4_1 sse4_2 x2apic movbe popcnt aes xsave avx rdrand hypervisor lahf_lm abm 3dnowprefetch invpcid_single pti fsgsbase avx2 invpcid rdseed clflushopt md_clear flush_l1d arch_capabilities\nbugs\t\t: cpu_meltdown spectre_v1 spectre_v2 spec_store_bypass l1tf mds swapgs itlb_multihit\nbogomips\t: 4607.99\nclflush size\t: 64\ncache_alignment\t: 64\naddress sizes\t: 39 bits physical, 48 bits virtual\npower management:\n\n", "meminfo": "MemTotal:        4030904 kB\nMemFree:          368436 kB\nMemAvailable:    1859512 kB\nBuffers:           90192 kB\nCached:          1675096 kB\nSwapCached:            0 kB\nActive:          2403588 kB\nInactive:         975544 kB\nActive(anon):    1615348 kB\nInactive(anon):   110948 kB\nActive(file):     788240 kB\nInactive(file):   864596 kB\nUnevictable:          16 kB\nMlocked:              16 kB\nSwapTotal:       1459804 kB\nSwapFree:        1459804 kB\nDirty:               120 kB\nWriteback:             0 kB\nAnonPages:       1613856 kB\nMapped:           608448 kB\nShmem:            112456 kB\nKReclaimable:      82636 kB\nSlab:             142976 kB\nSReclaimable:      82636 kB\nSUnreclaim:        60340 kB\nKernelStack:       10688 kB\nPageTables:        49988 kB\nNFS_Unstable:          0 kB\nBounce:                0 kB\nWritebackTmp:          0 kB\nCommitLimit:     3475256 kB\nCommitted_AS:    6104028 kB\nVmallocTotal:   34359738367 kB\nVmallocUsed:       36272 kB\nVmallocChunk:          0 kB\nPercpu:              760 kB\nHardwareCorrupted:     0 kB\nAnonHugePages:      6144 kB\nShmemHugePages:        0 kB\nShmemPmdMapped:        0 kB\nCmaTotal:              0 kB\nCmaFree:               0 kB\nHugePages_Total:       0\nHugePages_Free:        0\nHugePages_Rsvd:        0\nHugePages_Surp:        0\nHugepagesize:       2048 kB\nHugetlb:               0 kB\nDirectMap4k:      161728 kB\nDirectMap2M:     4032512 kB\n", "loadavg": "0.32 0.33 0.28 2/668 3249\n"}