{"text_lines": [{"x0": 1125.0, "y0": 1908.0, "x1": 1249.0, "y1": 1912.0, "x2": 1248.0, "y2": 1944.0, "x3": 1124.0, "y3": 1941.0, "score": 0.2908182740211487}, {"x0": 1195.0, "y0": 2019.0, "x1": 1321.0, "y1": 2026.0, "x2": 1319.0, "y2": 2050.0, "x3": 1193.0, "y3": 2043.0, "score": 0.3373914957046509}, {"x0": 1095.0, "y0": 2012.0, "x1": 1174.0, "y1": 2017.0, "x2": 1173.0, "y2": 2039.0, "x3": 1093.0, "y3": 2035.0, "score": 0.2634851038455963}], "rtparams": {"start_time": "2020-04-08T21:35:08.785972", "image_size": "3492x4656", "working_size": "1760x2336"}, "timing": {"net": 9.060796022415161, "restore": 0.00033211708068847656, "nms": 0.0006918907165527344, "overall": 9.079968214035034}, "cpuinfo": "processor\t: 0\nvendor_id\t: GenuineIntel\ncpu family\t: 6\nmodel\t\t: 158\nmodel name\t: Intel(R) Core(TM) i9-9880H CPU @ 2.30GHz\nstepping\t: 13\ncpu MHz\t\t: 2303.998\ncache size\t: 16384 KB\nphysical id\t: 0\nsiblings\t: 1\ncore id\t\t: 0\ncpu cores\t: 1\napicid\t\t: 0\ninitial apicid\t: 0\nfpu\t\t: yes\nfpu_exception\t: yes\ncpuid level\t: 22\nwp\t\t: yes\nflags\t\t: fpu vme de pse tsc msr pae mce cx8 apic sep mtrr pge mca cmov pat pse36 clflush mmx fxsr sse sse2 ht syscall nx rdtscp lm constant_tsc rep_good nopl xtopology nonstop_tsc cpuid tsc_known_freq pni pclmulqdq monitor ssse3 cx16 pcid sse4_1 sse4_2 x2apic movbe popcnt aes xsave avx rdrand hypervisor lahf_lm abm 3dnowprefetch invpcid_single pti fsgsbase avx2 invpcid rdseed clflushopt md_clear flush_l1d arch_capabilities\nbugs\t\t: cpu_meltdown spectre_v1 spectre_v2 spec_store_bypass l1tf mds swapgs itlb_multihit\nbogomips\t: 4607.99\nclflush size\t: 64\ncache_alignment\t: 64\naddress sizes\t: 39 bits physical, 48 bits virtual\npower management:\n\n", "meminfo": "MemTotal:        4030904 kB\nMemFree:          681176 kB\nMemAvailable:    1625524 kB\nBuffers:          160884 kB\nCached:           983608 kB\nSwapCached:         3096 kB\nActive:          2036112 kB\nInactive:         953532 kB\nActive(anon):    1355844 kB\nInactive(anon):   539260 kB\nActive(file):     680268 kB\nInactive(file):   414272 kB\nUnevictable:          16 kB\nMlocked:              16 kB\nSwapTotal:       1459804 kB\nSwapFree:        1378908 kB\nDirty:               156 kB\nWriteback:             0 kB\nAnonPages:       1843440 kB\nMapped:           298068 kB\nShmem:             49952 kB\nKReclaimable:     150832 kB\nSlab:             212416 kB\nSReclaimable:     150832 kB\nSUnreclaim:        61584 kB\nKernelStack:        9056 kB\nPageTables:        46196 kB\nNFS_Unstable:          0 kB\nBounce:                0 kB\nWritebackTmp:          0 kB\nCommitLimit:     3475256 kB\nCommitted_AS:    5819184 kB\nVmallocTotal:   34359738367 kB\nVmallocUsed:       43896 kB\nVmallocChunk:          0 kB\nPercpu:              760 kB\nHardwareCorrupted:     0 kB\nAnonHugePages:     61440 kB\nShmemHugePages:        0 kB\nShmemPmdMapped:        0 kB\nCmaTotal:              0 kB\nCmaFree:               0 kB\nHugePages_Total:       0\nHugePages_Free:        0\nHugePages_Rsvd:        0\nHugePages_Surp:        0\nHugepagesize:       2048 kB\nHugetlb:               0 kB\nDirectMap4k:      198592 kB\nDirectMap2M:     3995648 kB\n", "loadavg": "0.81 0.68 0.62 2/566 30011\n"}