{"text_lines": [{"x0": 308.0, "y0": 67.0, "x1": 369.0, "y1": 69.0, "x2": 368.0, "y2": 81.0, "x3": 308.0, "y3": 79.0, "score": 0.3904009461402893}, {"x0": 469.0, "y0": 156.0, "x1": 506.0, "y1": 156.0, "x2": 506.0, "y2": 168.0, "x3": 469.0, "y3": 169.0, "score": 0.19149957597255707}, {"x0": 467.0, "y0": 275.0, "x1": 510.0, "y1": 276.0, "x2": 509.0, "y2": 285.0, "x3": 466.0, "y3": 284.0, "score": 0.16647657752037048}, {"x0": 546.0, "y0": 278.0, "x1": 585.0, "y1": 279.0, "x2": 585.0, "y2": 289.0, "x3": 546.0, "y3": 288.0, "score": 0.17203229665756226}, {"x0": 438.0, "y0": 275.0, "x1": 467.0, "y1": 275.0, "x2": 467.0, "y2": 285.0, "x3": 438.0, "y3": 286.0, "score": 0.12082715332508087}, {"x0": 498.0, "y0": 275.0, "x1": 547.0, "y1": 277.0, "x2": 547.0, "y2": 287.0, "x3": 498.0, "y3": 286.0, "score": 0.19632479548454285}], "rtparams": {"start_time": "2020-04-08T21:35:34.324943", "image_size": "960x544", "working_size": "960x544"}, "timing": {"net": 3.4154391288757324, "restore": 0.0003960132598876953, "nms": 0.0007123947143554688, "overall": 3.4173734188079834}, "cpuinfo": "processor\t: 0\nvendor_id\t: GenuineIntel\ncpu family\t: 6\nmodel\t\t: 158\nmodel name\t: Intel(R) Core(TM) i9-9880H CPU @ 2.30GHz\nstepping\t: 13\ncpu MHz\t\t: 2303.998\ncache size\t: 16384 KB\nphysical id\t: 0\nsiblings\t: 1\ncore id\t\t: 0\ncpu cores\t: 1\napicid\t\t: 0\ninitial apicid\t: 0\nfpu\t\t: yes\nfpu_exception\t: yes\ncpuid level\t: 22\nwp\t\t: yes\nflags\t\t: fpu vme de pse tsc msr pae mce cx8 apic sep mtrr pge mca cmov pat pse36 clflush mmx fxsr sse sse2 ht syscall nx rdtscp lm constant_tsc rep_good nopl xtopology nonstop_tsc cpuid tsc_known_freq pni pclmulqdq monitor ssse3 cx16 pcid sse4_1 sse4_2 x2apic movbe popcnt aes xsave avx rdrand hypervisor lahf_lm abm 3dnowprefetch invpcid_single pti fsgsbase avx2 invpcid rdseed clflushopt md_clear flush_l1d arch_capabilities\nbugs\t\t: cpu_meltdown spectre_v1 spectre_v2 spec_store_bypass l1tf mds swapgs itlb_multihit\nbogomips\t: 4607.99\nclflush size\t: 64\ncache_alignment\t: 64\naddress sizes\t: 39 bits physical, 48 bits virtual\npower management:\n\n", "meminfo": "MemTotal:        4030904 kB\nMemFree:          852356 kB\nMemAvailable:    1816408 kB\nBuffers:          160928 kB\nCached:          1003040 kB\nSwapCached:         3096 kB\nActive:          1846220 kB\nInactive:         972164 kB\nActive(anon):    1165108 kB\nInactive(anon):   539260 kB\nActive(file):     681112 kB\nInactive(file):   432904 kB\nUnevictable:          16 kB\nMlocked:              16 kB\nSwapTotal:       1459804 kB\nSwapFree:        1378908 kB\nDirty:             18884 kB\nWriteback:             0 kB\nAnonPages:       1652712 kB\nMapped:           295568 kB\nShmem:             49952 kB\nKReclaimable:     151284 kB\nSlab:             212880 kB\nSReclaimable:     151284 kB\nSUnreclaim:        61596 kB\nKernelStack:        9168 kB\nPageTables:        46096 kB\nNFS_Unstable:          0 kB\nBounce:                0 kB\nWritebackTmp:          0 kB\nCommitLimit:     3475256 kB\nCommitted_AS:    5669196 kB\nVmallocTotal:   34359738367 kB\nVmallocUsed:       43992 kB\nVmallocChunk:          0 kB\nPercpu:              760 kB\nHardwareCorrupted:     0 kB\nAnonHugePages:      2048 kB\nShmemHugePages:        0 kB\nShmemPmdMapped:        0 kB\nCmaTotal:              0 kB\nCmaFree:               0 kB\nHugePages_Total:       0\nHugePages_Free:        0\nHugePages_Rsvd:        0\nHugePages_Surp:        0\nHugepagesize:       2048 kB\nHugetlb:               0 kB\nDirectMap4k:      198592 kB\nDirectMap2M:     3995648 kB\n", "loadavg": "0.81 0.69 0.62 4/573 30096\n"}